e:\development\visualstudio\zgloomeditor\zgloomeditor-darkmode\obj\zgloomeditor\debug\mapformat.obj
e:\development\visualstudio\zgloomeditor\zgloomeditor-darkmode\obj\zgloomeditor\debug\decrunchmania.obj
e:\development\visualstudio\zgloomeditor\zgloomeditor-darkmode\obj\zgloomeditor\debug\editorapp.obj
e:\development\visualstudio\zgloomeditor\zgloomeditor-darkmode\obj\zgloomeditor\debug\vc143.pdb
e:\development\visualstudio\zgloomeditor\zgloomeditor-darkmode\bin\debug\zgloomeditor.exe
e:\development\visualstudio\zgloomeditor\zgloomeditor-darkmode\bin\debug\zgloomeditor.pdb
e:\development\visualstudio\zgloomeditor\zgloomeditor-darkmode\obj\zgloomeditor\debug\editor.res
e:\development\visualstudio\zgloomeditor\zgloomeditor-darkmode\obj\zgloomeditor\debug\zgloomeditor.ilk
e:\development\visualstudio\zgloomeditor\zgloomeditor-darkmode\obj\zgloomeditor\debug\vc143.idb
e:\development\visualstudio\zgloomeditor\zgloomeditor-darkmode\obj\zgloomeditor\debug\zgloomeditor.vcxproj.filelistabsolute.txt
e:\development\visualstudio\zgloomeditor\zgloomeditor-darkmode\obj\zgloomeditor\debug\zgloomeditor.tlog\cl.11476.write.1.tlog
e:\development\visualstudio\zgloomeditor\zgloomeditor-darkmode\obj\zgloomeditor\debug\zgloomeditor.tlog\cl.command.1.tlog
e:\development\visualstudio\zgloomeditor\zgloomeditor-darkmode\obj\zgloomeditor\debug\zgloomeditor.tlog\cl.items.tlog
e:\development\visualstudio\zgloomeditor\zgloomeditor-darkmode\obj\zgloomeditor\debug\zgloomeditor.tlog\cl.read.1.tlog
e:\development\visualstudio\zgloomeditor\zgloomeditor-darkmode\obj\zgloomeditor\debug\zgloomeditor.tlog\link.command.1.tlog
e:\development\visualstudio\zgloomeditor\zgloomeditor-darkmode\obj\zgloomeditor\debug\zgloomeditor.tlog\link.read.1.tlog
e:\development\visualstudio\zgloomeditor\zgloomeditor-darkmode\obj\zgloomeditor\debug\zgloomeditor.tlog\link.secondary.1.tlog
e:\development\visualstudio\zgloomeditor\zgloomeditor-darkmode\obj\zgloomeditor\debug\zgloomeditor.tlog\link.write.1.tlog
e:\development\visualstudio\zgloomeditor\zgloomeditor-darkmode\obj\zgloomeditor\debug\zgloomeditor.tlog\rc.command.1.tlog
e:\development\visualstudio\zgloomeditor\zgloomeditor-darkmode\obj\zgloomeditor\debug\zgloomeditor.tlog\rc.read.1.tlog
e:\development\visualstudio\zgloomeditor\zgloomeditor-darkmode\obj\zgloomeditor\debug\zgloomeditor.tlog\rc.write.1.tlog
