e:\development\visualstudio\zgloomeditor\zgloomeditor-darkmode\obj\zgloomeditor\release\editorapp.obj
e:\development\visualstudio\zgloomeditor\zgloomeditor-darkmode\obj\zgloomeditor\release\mapformat.obj
e:\development\visualstudio\zgloomeditor\zgloomeditor-darkmode\obj\zgloomeditor\release\decrunchmania.obj
e:\development\visualstudio\zgloomeditor\zgloomeditor-darkmode\obj\zgloomeditor\release\vc143.pdb
e:\development\visualstudio\zgloomeditor\zgloomeditor-darkmode\bin\release\zgloomeditor.exe
e:\development\visualstudio\zgloomeditor\zgloomeditor-darkmode\bin\release\zgloomeditor.pdb
e:\development\visualstudio\zgloomeditor\zgloomeditor-darkmode\obj\zgloomeditor\release\editor.res
e:\development\visualstudio\zgloomeditor\zgloomeditor-darkmode\obj\zgloomeditor\release\zgloomeditor.ipdb
e:\development\visualstudio\zgloomeditor\zgloomeditor-darkmode\obj\zgloomeditor\release\zgloomeditor.iobj
e:\development\visualstudio\zgloomeditor\zgloomeditor-darkmode\obj\zgloomeditor\release\zgloomeditor.vcxproj.filelistabsolute.txt
e:\development\visualstudio\zgloomeditor\zgloomeditor-darkmode\obj\zgloomeditor\release\zgloomeditor.tlog\cl.15968.write.1.tlog
e:\development\visualstudio\zgloomeditor\zgloomeditor-darkmode\obj\zgloomeditor\release\zgloomeditor.tlog\cl.command.1.tlog
e:\development\visualstudio\zgloomeditor\zgloomeditor-darkmode\obj\zgloomeditor\release\zgloomeditor.tlog\cl.items.tlog
e:\development\visualstudio\zgloomeditor\zgloomeditor-darkmode\obj\zgloomeditor\release\zgloomeditor.tlog\cl.read.1.tlog
e:\development\visualstudio\zgloomeditor\zgloomeditor-darkmode\obj\zgloomeditor\release\zgloomeditor.tlog\link.command.1.tlog
e:\development\visualstudio\zgloomeditor\zgloomeditor-darkmode\obj\zgloomeditor\release\zgloomeditor.tlog\link.read.1.tlog
e:\development\visualstudio\zgloomeditor\zgloomeditor-darkmode\obj\zgloomeditor\release\zgloomeditor.tlog\link.secondary.1.tlog
e:\development\visualstudio\zgloomeditor\zgloomeditor-darkmode\obj\zgloomeditor\release\zgloomeditor.tlog\link.write.1.tlog
e:\development\visualstudio\zgloomeditor\zgloomeditor-darkmode\obj\zgloomeditor\release\zgloomeditor.tlog\rc.command.1.tlog
e:\development\visualstudio\zgloomeditor\zgloomeditor-darkmode\obj\zgloomeditor\release\zgloomeditor.tlog\rc.read.1.tlog
e:\development\visualstudio\zgloomeditor\zgloomeditor-darkmode\obj\zgloomeditor\release\zgloomeditor.tlog\rc.write.1.tlog
